// Jest Snapshot v1, https://goo.gl/fbAQLP

exports[`SvgIcon.vue 生成组件渲染快照 1`] = `
<svg
  aria-hidden="true"
  class="svg-icon"
  style="width: 16px; height: 16px; color: rgb(221, 221, 221);"
>
  <use
    xlink:href="#icon-edit"
  />
</svg>
`;
